Archive member included to satisfy reference by file (symbol)

../../../../../../libopencm3//lib/libopencm3_stm32l0.a(rcc.o)
                              miniblink.o (rcc_osc_on)
../../../../../../libopencm3//lib/libopencm3_stm32l0.a(gpio_common_all.o)
                              miniblink.o (gpio_toggle)
../../../../../../libopencm3//lib/libopencm3_stm32l0.a(gpio_common_f0234.o)
                              miniblink.o (gpio_mode_setup)
../../../../../../libopencm3//lib/libopencm3_stm32l0.a(rcc_common_all.o)
                              miniblink.o (rcc_periph_clock_enable)
../../../../../../libopencm3//lib/libopencm3_stm32l0.a(vector.o)
                              (reset_handler)
../../../../../../libopencm3//lib/libopencm3_stm32l0.a(assert.o)
                              ../../../../../../libopencm3//lib/libopencm3_stm32l0.a(rcc.o) (cm3_assert_failed)
/home/maestrom/dev/crosscompile/toolchain-armcortex/gcc-arm-none-eabi-5_2-2015q4/bin/../lib/gcc/arm-none-eabi/5.2.1/armv6-m/libgcc.a(_thumb1_case_uqi.o)
                              ../../../../../../libopencm3//lib/libopencm3_stm32l0.a(rcc.o) (__gnu_thumb1_case_uqi)

Discarded input sections

 .text          0x00000000        0x0 miniblink.o
 .data          0x00000000        0x0 miniblink.o
 .bss           0x00000000        0x0 miniblink.o
 .group         0x00000000        0x8 ../../../../../../libopencm3//lib/libopencm3_stm32l0.a(rcc.o)
 .group         0x00000000        0x8 ../../../../../../libopencm3//lib/libopencm3_stm32l0.a(rcc.o)
 .group         0x00000000        0x8 ../../../../../../libopencm3//lib/libopencm3_stm32l0.a(rcc.o)
 .group         0x00000000        0x8 ../../../../../../libopencm3//lib/libopencm3_stm32l0.a(rcc.o)
 .group         0x00000000        0x8 ../../../../../../libopencm3//lib/libopencm3_stm32l0.a(rcc.o)
 .group         0x00000000        0x8 ../../../../../../libopencm3//lib/libopencm3_stm32l0.a(rcc.o)
 .group         0x00000000        0x8 ../../../../../../libopencm3//lib/libopencm3_stm32l0.a(rcc.o)
 .group         0x00000000        0x8 ../../../../../../libopencm3//lib/libopencm3_stm32l0.a(rcc.o)
 .group         0x00000000        0x8 ../../../../../../libopencm3//lib/libopencm3_stm32l0.a(rcc.o)
 .group         0x00000000        0x8 ../../../../../../libopencm3//lib/libopencm3_stm32l0.a(rcc.o)
 .group         0x00000000        0x8 ../../../../../../libopencm3//lib/libopencm3_stm32l0.a(rcc.o)
 .group         0x00000000        0x8 ../../../../../../libopencm3//lib/libopencm3_stm32l0.a(rcc.o)
 .text          0x00000000        0x0 ../../../../../../libopencm3//lib/libopencm3_stm32l0.a(rcc.o)
 .data          0x00000000        0x0 ../../../../../../libopencm3//lib/libopencm3_stm32l0.a(rcc.o)
 .bss           0x00000000        0x0 ../../../../../../libopencm3//lib/libopencm3_stm32l0.a(rcc.o)
 .text.rcc_osc_off
                0x00000000       0x5c ../../../../../../libopencm3//lib/libopencm3_stm32l0.a(rcc.o)
 .text.rcc_osc_bypass_enable
                0x00000000       0x28 ../../../../../../libopencm3//lib/libopencm3_stm32l0.a(rcc.o)
 .text.rcc_osc_bypass_disable
                0x00000000       0x2c ../../../../../../libopencm3//lib/libopencm3_stm32l0.a(rcc.o)
 .text.rcc_osc_ready_int_clear
                0x00000000       0x3c ../../../../../../libopencm3//lib/libopencm3_stm32l0.a(rcc.o)
 .text.rcc_osc_ready_int_enable
                0x00000000       0x3c ../../../../../../libopencm3//lib/libopencm3_stm32l0.a(rcc.o)
 .text.rcc_osc_ready_int_disable
                0x00000000       0x3c ../../../../../../libopencm3//lib/libopencm3_stm32l0.a(rcc.o)
 .text.rcc_osc_ready_int_flag
                0x00000000       0x48 ../../../../../../libopencm3//lib/libopencm3_stm32l0.a(rcc.o)
 .text.rcc_set_hsi48_source_rc48
                0x00000000       0x14 ../../../../../../libopencm3//lib/libopencm3_stm32l0.a(rcc.o)
 .text.rcc_set_hsi48_source_pll
                0x00000000       0x14 ../../../../../../libopencm3//lib/libopencm3_stm32l0.a(rcc.o)
 .text.rcc_hsi16_div4
                0x00000000       0x24 ../../../../../../libopencm3//lib/libopencm3_stm32l0.a(rcc.o)
 .group         0x00000000        0x8 ../../../../../../libopencm3//lib/libopencm3_stm32l0.a(gpio_common_all.o)
 .group         0x00000000        0x8 ../../../../../../libopencm3//lib/libopencm3_stm32l0.a(gpio_common_all.o)
 .group         0x00000000        0x8 ../../../../../../libopencm3//lib/libopencm3_stm32l0.a(gpio_common_all.o)
 .group         0x00000000        0x8 ../../../../../../libopencm3//lib/libopencm3_stm32l0.a(gpio_common_all.o)
 .group         0x00000000        0x8 ../../../../../../libopencm3//lib/libopencm3_stm32l0.a(gpio_common_all.o)
 .group         0x00000000        0x8 ../../../../../../libopencm3//lib/libopencm3_stm32l0.a(gpio_common_all.o)
 .group         0x00000000        0x8 ../../../../../../libopencm3//lib/libopencm3_stm32l0.a(gpio_common_all.o)
 .group         0x00000000        0x8 ../../../../../../libopencm3//lib/libopencm3_stm32l0.a(gpio_common_all.o)
 .group         0x00000000        0x8 ../../../../../../libopencm3//lib/libopencm3_stm32l0.a(gpio_common_all.o)
 .group         0x00000000        0x8 ../../../../../../libopencm3//lib/libopencm3_stm32l0.a(gpio_common_all.o)
 .group         0x00000000        0x8 ../../../../../../libopencm3//lib/libopencm3_stm32l0.a(gpio_common_all.o)
 .group         0x00000000        0x8 ../../../../../../libopencm3//lib/libopencm3_stm32l0.a(gpio_common_all.o)
 .group         0x00000000        0x8 ../../../../../../libopencm3//lib/libopencm3_stm32l0.a(gpio_common_all.o)
 .group         0x00000000        0x8 ../../../../../../libopencm3//lib/libopencm3_stm32l0.a(gpio_common_all.o)
 .text          0x00000000        0x0 ../../../../../../libopencm3//lib/libopencm3_stm32l0.a(gpio_common_all.o)
 .data          0x00000000        0x0 ../../../../../../libopencm3//lib/libopencm3_stm32l0.a(gpio_common_all.o)
 .bss           0x00000000        0x0 ../../../../../../libopencm3//lib/libopencm3_stm32l0.a(gpio_common_all.o)
 .text.gpio_set
                0x00000000        0x4 ../../../../../../libopencm3//lib/libopencm3_stm32l0.a(gpio_common_all.o)
 .text.gpio_clear
                0x00000000        0x6 ../../../../../../libopencm3//lib/libopencm3_stm32l0.a(gpio_common_all.o)
 .text.gpio_get
                0x00000000        0x6 ../../../../../../libopencm3//lib/libopencm3_stm32l0.a(gpio_common_all.o)
 .text.gpio_port_read
                0x00000000        0x6 ../../../../../../libopencm3//lib/libopencm3_stm32l0.a(gpio_common_all.o)
 .text.gpio_port_write
                0x00000000        0x4 ../../../../../../libopencm3//lib/libopencm3_stm32l0.a(gpio_common_all.o)
 .text.gpio_port_config_lock
                0x00000000       0x12 ../../../../../../libopencm3//lib/libopencm3_stm32l0.a(gpio_common_all.o)
 .debug_macro   0x00000000      0x826 ../../../../../../libopencm3//lib/libopencm3_stm32l0.a(gpio_common_all.o)
 .debug_macro   0x00000000       0x22 ../../../../../../libopencm3//lib/libopencm3_stm32l0.a(gpio_common_all.o)
 .debug_macro   0x00000000       0x44 ../../../../../../libopencm3//lib/libopencm3_stm32l0.a(gpio_common_all.o)
 .debug_macro   0x00000000       0xfd ../../../../../../libopencm3//lib/libopencm3_stm32l0.a(gpio_common_all.o)
 .debug_macro   0x00000000       0x22 ../../../../../../libopencm3//lib/libopencm3_stm32l0.a(gpio_common_all.o)
 .debug_macro   0x00000000      0x1df ../../../../../../libopencm3//lib/libopencm3_stm32l0.a(gpio_common_all.o)
 .debug_macro   0x00000000       0x22 ../../../../../../libopencm3//lib/libopencm3_stm32l0.a(gpio_common_all.o)
 .debug_macro   0x00000000       0xfa ../../../../../../libopencm3//lib/libopencm3_stm32l0.a(gpio_common_all.o)
 .debug_macro   0x00000000       0x34 ../../../../../../libopencm3//lib/libopencm3_stm32l0.a(gpio_common_all.o)
 .debug_macro   0x00000000      0x13c ../../../../../../libopencm3//lib/libopencm3_stm32l0.a(gpio_common_all.o)
 .group         0x00000000        0x8 ../../../../../../libopencm3//lib/libopencm3_stm32l0.a(gpio_common_f0234.o)
 .group         0x00000000        0x8 ../../../../../../libopencm3//lib/libopencm3_stm32l0.a(gpio_common_f0234.o)
 .group         0x00000000        0x8 ../../../../../../libopencm3//lib/libopencm3_stm32l0.a(gpio_common_f0234.o)
 .group         0x00000000        0x8 ../../../../../../libopencm3//lib/libopencm3_stm32l0.a(gpio_common_f0234.o)
 .group         0x00000000        0x8 ../../../../../../libopencm3//lib/libopencm3_stm32l0.a(gpio_common_f0234.o)
 .group         0x00000000        0x8 ../../../../../../libopencm3//lib/libopencm3_stm32l0.a(gpio_common_f0234.o)
 .group         0x00000000        0x8 ../../../../../../libopencm3//lib/libopencm3_stm32l0.a(gpio_common_f0234.o)
 .group         0x00000000        0x8 ../../../../../../libopencm3//lib/libopencm3_stm32l0.a(gpio_common_f0234.o)
 .group         0x00000000        0x8 ../../../../../../libopencm3//lib/libopencm3_stm32l0.a(gpio_common_f0234.o)
 .group         0x00000000        0x8 ../../../../../../libopencm3//lib/libopencm3_stm32l0.a(gpio_common_f0234.o)
 .group         0x00000000        0x8 ../../../../../../libopencm3//lib/libopencm3_stm32l0.a(gpio_common_f0234.o)
 .group         0x00000000        0x8 ../../../../../../libopencm3//lib/libopencm3_stm32l0.a(gpio_common_f0234.o)
 .group         0x00000000        0x8 ../../../../../../libopencm3//lib/libopencm3_stm32l0.a(gpio_common_f0234.o)
 .group         0x00000000        0x8 ../../../../../../libopencm3//lib/libopencm3_stm32l0.a(gpio_common_f0234.o)
 .text          0x00000000        0x0 ../../../../../../libopencm3//lib/libopencm3_stm32l0.a(gpio_common_f0234.o)
 .data          0x00000000        0x0 ../../../../../../libopencm3//lib/libopencm3_stm32l0.a(gpio_common_f0234.o)
 .bss           0x00000000        0x0 ../../../../../../libopencm3//lib/libopencm3_stm32l0.a(gpio_common_f0234.o)
 .text.gpio_set_output_options
                0x00000000       0x3a ../../../../../../libopencm3//lib/libopencm3_stm32l0.a(gpio_common_f0234.o)
 .text.gpio_set_af
                0x00000000       0x58 ../../../../../../libopencm3//lib/libopencm3_stm32l0.a(gpio_common_f0234.o)
 .debug_macro   0x00000000      0x826 ../../../../../../libopencm3//lib/libopencm3_stm32l0.a(gpio_common_f0234.o)
 .debug_macro   0x00000000       0x22 ../../../../../../libopencm3//lib/libopencm3_stm32l0.a(gpio_common_f0234.o)
 .debug_macro   0x00000000       0x44 ../../../../../../libopencm3//lib/libopencm3_stm32l0.a(gpio_common_f0234.o)
 .debug_macro   0x00000000       0xfd ../../../../../../libopencm3//lib/libopencm3_stm32l0.a(gpio_common_f0234.o)
 .debug_macro   0x00000000       0x22 ../../../../../../libopencm3//lib/libopencm3_stm32l0.a(gpio_common_f0234.o)
 .debug_macro   0x00000000      0x1df ../../../../../../libopencm3//lib/libopencm3_stm32l0.a(gpio_common_f0234.o)
 .debug_macro   0x00000000       0x22 ../../../../../../libopencm3//lib/libopencm3_stm32l0.a(gpio_common_f0234.o)
 .debug_macro   0x00000000       0xfa ../../../../../../libopencm3//lib/libopencm3_stm32l0.a(gpio_common_f0234.o)
 .debug_macro   0x00000000       0x34 ../../../../../../libopencm3//lib/libopencm3_stm32l0.a(gpio_common_f0234.o)
 .debug_macro   0x00000000      0x13c ../../../../../../libopencm3//lib/libopencm3_stm32l0.a(gpio_common_f0234.o)
 .debug_macro   0x00000000       0x76 ../../../../../../libopencm3//lib/libopencm3_stm32l0.a(gpio_common_f0234.o)
 .debug_macro   0x00000000      0x2e6 ../../../../../../libopencm3//lib/libopencm3_stm32l0.a(gpio_common_f0234.o)
 .debug_macro   0x00000000      0x14e ../../../../../../libopencm3//lib/libopencm3_stm32l0.a(gpio_common_f0234.o)
 .debug_macro   0x00000000       0x3a ../../../../../../libopencm3//lib/libopencm3_stm32l0.a(gpio_common_f0234.o)
 .group         0x00000000        0x8 ../../../../../../libopencm3//lib/libopencm3_stm32l0.a(rcc_common_all.o)
 .group         0x00000000        0x8 ../../../../../../libopencm3//lib/libopencm3_stm32l0.a(rcc_common_all.o)
 .group         0x00000000        0x8 ../../../../../../libopencm3//lib/libopencm3_stm32l0.a(rcc_common_all.o)
 .group         0x00000000        0x8 ../../../../../../libopencm3//lib/libopencm3_stm32l0.a(rcc_common_all.o)
 .group         0x00000000        0x8 ../../../../../../libopencm3//lib/libopencm3_stm32l0.a(rcc_common_all.o)
 .group         0x00000000        0x8 ../../../../../../libopencm3//lib/libopencm3_stm32l0.a(rcc_common_all.o)
 .group         0x00000000        0x8 ../../../../../../libopencm3//lib/libopencm3_stm32l0.a(rcc_common_all.o)
 .group         0x00000000        0x8 ../../../../../../libopencm3//lib/libopencm3_stm32l0.a(rcc_common_all.o)
 .group         0x00000000        0x8 ../../../../../../libopencm3//lib/libopencm3_stm32l0.a(rcc_common_all.o)
 .group         0x00000000        0x8 ../../../../../../libopencm3//lib/libopencm3_stm32l0.a(rcc_common_all.o)
 .group         0x00000000        0x8 ../../../../../../libopencm3//lib/libopencm3_stm32l0.a(rcc_common_all.o)
 .text          0x00000000        0x0 ../../../../../../libopencm3//lib/libopencm3_stm32l0.a(rcc_common_all.o)
 .data          0x00000000        0x0 ../../../../../../libopencm3//lib/libopencm3_stm32l0.a(rcc_common_all.o)
 .bss           0x00000000        0x0 ../../../../../../libopencm3//lib/libopencm3_stm32l0.a(rcc_common_all.o)
 .text.rcc_peripheral_enable_clock
                0x00000000        0x8 ../../../../../../libopencm3//lib/libopencm3_stm32l0.a(rcc_common_all.o)
 .text.rcc_peripheral_disable_clock
                0x00000000        0x8 ../../../../../../libopencm3//lib/libopencm3_stm32l0.a(rcc_common_all.o)
 .text.rcc_peripheral_reset
                0x00000000        0x8 ../../../../../../libopencm3//lib/libopencm3_stm32l0.a(rcc_common_all.o)
 .text.rcc_peripheral_clear_reset
                0x00000000        0x8 ../../../../../../libopencm3//lib/libopencm3_stm32l0.a(rcc_common_all.o)
 .text.rcc_periph_clock_disable
                0x00000000       0x1c ../../../../../../libopencm3//lib/libopencm3_stm32l0.a(rcc_common_all.o)
 .text.rcc_periph_reset_pulse
                0x00000000       0x20 ../../../../../../libopencm3//lib/libopencm3_stm32l0.a(rcc_common_all.o)
 .text.rcc_periph_reset_hold
                0x00000000       0x1c ../../../../../../libopencm3//lib/libopencm3_stm32l0.a(rcc_common_all.o)
 .text.rcc_periph_reset_release
                0x00000000       0x1c ../../../../../../libopencm3//lib/libopencm3_stm32l0.a(rcc_common_all.o)
 .text.rcc_set_mco
                0x00000000       0x18 ../../../../../../libopencm3//lib/libopencm3_stm32l0.a(rcc_common_all.o)
 .debug_macro   0x00000000      0x826 ../../../../../../libopencm3//lib/libopencm3_stm32l0.a(rcc_common_all.o)
 .debug_macro   0x00000000       0x22 ../../../../../../libopencm3//lib/libopencm3_stm32l0.a(rcc_common_all.o)
 .debug_macro   0x00000000       0x44 ../../../../../../libopencm3//lib/libopencm3_stm32l0.a(rcc_common_all.o)
 .debug_macro   0x00000000       0xfd ../../../../../../libopencm3//lib/libopencm3_stm32l0.a(rcc_common_all.o)
 .debug_macro   0x00000000       0x22 ../../../../../../libopencm3//lib/libopencm3_stm32l0.a(rcc_common_all.o)
 .debug_macro   0x00000000      0x1df ../../../../../../libopencm3//lib/libopencm3_stm32l0.a(rcc_common_all.o)
 .debug_macro   0x00000000       0x22 ../../../../../../libopencm3//lib/libopencm3_stm32l0.a(rcc_common_all.o)
 .debug_macro   0x00000000       0xfa ../../../../../../libopencm3//lib/libopencm3_stm32l0.a(rcc_common_all.o)
 .debug_macro   0x00000000       0x34 ../../../../../../libopencm3//lib/libopencm3_stm32l0.a(rcc_common_all.o)
 .debug_macro   0x00000000      0x13c ../../../../../../libopencm3//lib/libopencm3_stm32l0.a(rcc_common_all.o)
 .debug_macro   0x00000000      0x888 ../../../../../../libopencm3//lib/libopencm3_stm32l0.a(rcc_common_all.o)
 .group         0x00000000        0x8 ../../../../../../libopencm3//lib/libopencm3_stm32l0.a(vector.o)
 .group         0x00000000        0x8 ../../../../../../libopencm3//lib/libopencm3_stm32l0.a(vector.o)
 .group         0x00000000        0x8 ../../../../../../libopencm3//lib/libopencm3_stm32l0.a(vector.o)
 .group         0x00000000        0x8 ../../../../../../libopencm3//lib/libopencm3_stm32l0.a(vector.o)
 .group         0x00000000        0x8 ../../../../../../libopencm3//lib/libopencm3_stm32l0.a(vector.o)
 .group         0x00000000        0x8 ../../../../../../libopencm3//lib/libopencm3_stm32l0.a(vector.o)
 .group         0x00000000        0x8 ../../../../../../libopencm3//lib/libopencm3_stm32l0.a(vector.o)
 .group         0x00000000        0x8 ../../../../../../libopencm3//lib/libopencm3_stm32l0.a(vector.o)
 .group         0x00000000        0x8 ../../../../../../libopencm3//lib/libopencm3_stm32l0.a(vector.o)
 .group         0x00000000        0x8 ../../../../../../libopencm3//lib/libopencm3_stm32l0.a(vector.o)
 .group         0x00000000        0x8 ../../../../../../libopencm3//lib/libopencm3_stm32l0.a(vector.o)
 .group         0x00000000        0x8 ../../../../../../libopencm3//lib/libopencm3_stm32l0.a(vector.o)
 .text          0x00000000        0x0 ../../../../../../libopencm3//lib/libopencm3_stm32l0.a(vector.o)
 .data          0x00000000        0x0 ../../../../../../libopencm3//lib/libopencm3_stm32l0.a(vector.o)
 .bss           0x00000000        0x0 ../../../../../../libopencm3//lib/libopencm3_stm32l0.a(vector.o)
 .debug_macro   0x00000000      0x826 ../../../../../../libopencm3//lib/libopencm3_stm32l0.a(vector.o)
 .debug_macro   0x00000000       0x34 ../../../../../../libopencm3//lib/libopencm3_stm32l0.a(vector.o)
 .debug_macro   0x00000000       0x22 ../../../../../../libopencm3//lib/libopencm3_stm32l0.a(vector.o)
 .debug_macro   0x00000000       0x44 ../../../../../../libopencm3//lib/libopencm3_stm32l0.a(vector.o)
 .debug_macro   0x00000000       0xfd ../../../../../../libopencm3//lib/libopencm3_stm32l0.a(vector.o)
 .debug_macro   0x00000000       0x22 ../../../../../../libopencm3//lib/libopencm3_stm32l0.a(vector.o)
 .debug_macro   0x00000000      0x1df ../../../../../../libopencm3//lib/libopencm3_stm32l0.a(vector.o)
 .debug_macro   0x00000000       0x22 ../../../../../../libopencm3//lib/libopencm3_stm32l0.a(vector.o)
 .debug_macro   0x00000000       0xfa ../../../../../../libopencm3//lib/libopencm3_stm32l0.a(vector.o)
 .group         0x00000000        0x8 ../../../../../../libopencm3//lib/libopencm3_stm32l0.a(assert.o)
 .group         0x00000000        0x8 ../../../../../../libopencm3//lib/libopencm3_stm32l0.a(assert.o)
 .group         0x00000000        0x8 ../../../../../../libopencm3//lib/libopencm3_stm32l0.a(assert.o)
 .group         0x00000000        0x8 ../../../../../../libopencm3//lib/libopencm3_stm32l0.a(assert.o)
 .group         0x00000000        0x8 ../../../../../../libopencm3//lib/libopencm3_stm32l0.a(assert.o)
 .group         0x00000000        0x8 ../../../../../../libopencm3//lib/libopencm3_stm32l0.a(assert.o)
 .group         0x00000000        0x8 ../../../../../../libopencm3//lib/libopencm3_stm32l0.a(assert.o)
 .group         0x00000000        0x8 ../../../../../../libopencm3//lib/libopencm3_stm32l0.a(assert.o)
 .group         0x00000000        0x8 ../../../../../../libopencm3//lib/libopencm3_stm32l0.a(assert.o)
 .text          0x00000000        0x0 ../../../../../../libopencm3//lib/libopencm3_stm32l0.a(assert.o)
 .data          0x00000000        0x0 ../../../../../../libopencm3//lib/libopencm3_stm32l0.a(assert.o)
 .bss           0x00000000        0x0 ../../../../../../libopencm3//lib/libopencm3_stm32l0.a(assert.o)
 .text.cm3_assert_failed
                0x00000000        0x2 ../../../../../../libopencm3//lib/libopencm3_stm32l0.a(assert.o)
 .text.cm3_assert_failed_verbose
                0x00000000        0x6 ../../../../../../libopencm3//lib/libopencm3_stm32l0.a(assert.o)
 .debug_info    0x00000000       0xee ../../../../../../libopencm3//lib/libopencm3_stm32l0.a(assert.o)
 .debug_abbrev  0x00000000       0x8f ../../../../../../libopencm3//lib/libopencm3_stm32l0.a(assert.o)
 .debug_loc     0x00000000       0x84 ../../../../../../libopencm3//lib/libopencm3_stm32l0.a(assert.o)
 .debug_aranges
                0x00000000       0x28 ../../../../../../libopencm3//lib/libopencm3_stm32l0.a(assert.o)
 .debug_ranges  0x00000000       0x18 ../../../../../../libopencm3//lib/libopencm3_stm32l0.a(assert.o)
 .debug_macro   0x00000000       0x7b ../../../../../../libopencm3//lib/libopencm3_stm32l0.a(assert.o)
 .debug_macro   0x00000000      0x826 ../../../../../../libopencm3//lib/libopencm3_stm32l0.a(assert.o)
 .debug_macro   0x00000000       0x22 ../../../../../../libopencm3//lib/libopencm3_stm32l0.a(assert.o)
 .debug_macro   0x00000000       0x44 ../../../../../../libopencm3//lib/libopencm3_stm32l0.a(assert.o)
 .debug_macro   0x00000000       0xfd ../../../../../../libopencm3//lib/libopencm3_stm32l0.a(assert.o)
 .debug_macro   0x00000000       0x22 ../../../../../../libopencm3//lib/libopencm3_stm32l0.a(assert.o)
 .debug_macro   0x00000000      0x1df ../../../../../../libopencm3//lib/libopencm3_stm32l0.a(assert.o)
 .debug_macro   0x00000000       0x22 ../../../../../../libopencm3//lib/libopencm3_stm32l0.a(assert.o)
 .debug_macro   0x00000000       0xfa ../../../../../../libopencm3//lib/libopencm3_stm32l0.a(assert.o)
 .debug_macro   0x00000000       0x16 ../../../../../../libopencm3//lib/libopencm3_stm32l0.a(assert.o)
 .debug_line    0x00000000      0x2a2 ../../../../../../libopencm3//lib/libopencm3_stm32l0.a(assert.o)
 .debug_str     0x00000000     0x34a5 ../../../../../../libopencm3//lib/libopencm3_stm32l0.a(assert.o)
 .comment       0x00000000       0x6f ../../../../../../libopencm3//lib/libopencm3_stm32l0.a(assert.o)
 .debug_frame   0x00000000       0x38 ../../../../../../libopencm3//lib/libopencm3_stm32l0.a(assert.o)
 .ARM.attributes
                0x00000000       0x32 ../../../../../../libopencm3//lib/libopencm3_stm32l0.a(assert.o)
 .data          0x00000000        0x0 /home/maestrom/dev/crosscompile/toolchain-armcortex/gcc-arm-none-eabi-5_2-2015q4/bin/../lib/gcc/arm-none-eabi/5.2.1/armv6-m/libgcc.a(_thumb1_case_uqi.o)
 .bss           0x00000000        0x0 /home/maestrom/dev/crosscompile/toolchain-armcortex/gcc-arm-none-eabi-5_2-2015q4/bin/../lib/gcc/arm-none-eabi/5.2.1/armv6-m/libgcc.a(_thumb1_case_uqi.o)

Memory Configuration

Name             Origin             Length             Attributes
rom              0x08000000         0x00010000         xr
ram              0x20000000         0x00002000         xrw
eep              0x08080000         0x00000800         r
*default*        0x00000000         0xffffffff

Linker script and memory map

LOAD miniblink.o
LOAD ../../../../../../libopencm3//lib/libopencm3_stm32l0.a
START GROUP
LOAD /home/maestrom/dev/crosscompile/toolchain-armcortex/gcc-arm-none-eabi-5_2-2015q4/bin/../lib/gcc/arm-none-eabi/5.2.1/../../../../arm-none-eabi/lib/armv6-m/libc.a
LOAD /home/maestrom/dev/crosscompile/toolchain-armcortex/gcc-arm-none-eabi-5_2-2015q4/bin/../lib/gcc/arm-none-eabi/5.2.1/armv6-m/libgcc.a
LOAD /home/maestrom/dev/crosscompile/toolchain-armcortex/gcc-arm-none-eabi-5_2-2015q4/bin/../lib/gcc/arm-none-eabi/5.2.1/../../../../arm-none-eabi/lib/armv6-m/libnosys.a
END GROUP
START GROUP
LOAD /home/maestrom/dev/crosscompile/toolchain-armcortex/gcc-arm-none-eabi-5_2-2015q4/bin/../lib/gcc/arm-none-eabi/5.2.1/armv6-m/libgcc.a
LOAD /home/maestrom/dev/crosscompile/toolchain-armcortex/gcc-arm-none-eabi-5_2-2015q4/bin/../lib/gcc/arm-none-eabi/5.2.1/../../../../arm-none-eabi/lib/armv6-m/libc.a
END GROUP

.text           0x08000000      0x3f8
 *(.vectors)
 .vectors       0x08000000       0xc0 ../../../../../../libopencm3//lib/libopencm3_stm32l0.a(vector.o)
                0x08000000                vector_table
 *(.text*)
 .text.delay    0x080000c0       0x10 miniblink.o
                0x080000c0                delay
 .text.startup.main
                0x080000d0       0x6a miniblink.o
                0x080000d0                main
 *fill*         0x0800013a        0x2 
 .text.rcc_osc_on
                0x0800013c       0x54 ../../../../../../libopencm3//lib/libopencm3_stm32l0.a(rcc.o)
                0x0800013c                rcc_osc_on
 .text.rcc_wait_for_osc_ready
                0x08000190       0x7c ../../../../../../libopencm3//lib/libopencm3_stm32l0.a(rcc.o)
                0x08000190                rcc_wait_for_osc_ready
 .text.rcc_set_sysclk_source
                0x0800020c       0x44 ../../../../../../libopencm3//lib/libopencm3_stm32l0.a(rcc.o)
                0x0800020c                rcc_set_sysclk_source
 .text.rcc_set_pll_multiplier
                0x08000250       0x18 ../../../../../../libopencm3//lib/libopencm3_stm32l0.a(rcc.o)
                0x08000250                rcc_set_pll_multiplier
 .text.rcc_set_pll_divider
                0x08000268       0x18 ../../../../../../libopencm3//lib/libopencm3_stm32l0.a(rcc.o)
                0x08000268                rcc_set_pll_divider
 .text.rcc_set_ppre1
                0x08000280       0x18 ../../../../../../libopencm3//lib/libopencm3_stm32l0.a(rcc.o)
                0x08000280                rcc_set_ppre1
 .text.rcc_set_ppre2
                0x08000298       0x18 ../../../../../../libopencm3//lib/libopencm3_stm32l0.a(rcc.o)
                0x08000298                rcc_set_ppre2
 .text.rcc_set_hpre
                0x080002b0       0x14 ../../../../../../libopencm3//lib/libopencm3_stm32l0.a(rcc.o)
                0x080002b0                rcc_set_hpre
 .text.rcc_set_pll_source
                0x080002c4       0x28 ../../../../../../libopencm3//lib/libopencm3_stm32l0.a(rcc.o)
                0x080002c4                rcc_set_pll_source
 .text.gpio_toggle
                0x080002ec       0x10 ../../../../../../libopencm3//lib/libopencm3_stm32l0.a(gpio_common_all.o)
                0x080002ec                gpio_toggle
 .text.gpio_mode_setup
                0x080002fc       0x3a ../../../../../../libopencm3//lib/libopencm3_stm32l0.a(gpio_common_f0234.o)
                0x080002fc                gpio_mode_setup
 *fill*         0x08000336        0x2 
 .text.rcc_periph_clock_enable
                0x08000338       0x1c ../../../../../../libopencm3//lib/libopencm3_stm32l0.a(rcc_common_all.o)
                0x08000338                rcc_periph_clock_enable
 .text.blocking_handler
                0x08000354        0x2 ../../../../../../libopencm3//lib/libopencm3_stm32l0.a(vector.o)
                0x08000354                rtc_isr
                0x08000354                blocking_handler
                0x08000354                tsc_isr
                0x08000354                spi1_isr
                0x08000354                i2c1_isr
                0x08000354                i2c2_isr
                0x08000354                tim21_isr
                0x08000354                usart1_isr
                0x08000354                reserved4_isr
                0x08000354                exti2_3_isr
                0x08000354                reserved5_isr
                0x08000354                lptim1_isr
                0x08000354                pvd_isr
                0x08000354                lpuart1_isr
                0x08000354                rcc_isr
                0x08000354                reserved3_isr
                0x08000354                flash_isr
                0x08000354                hard_fault_handler
                0x08000354                spi2_isr
                0x08000354                usb_isr
                0x08000354                usart2_isr
                0x08000354                adc_comp_isr
                0x08000354                reserved2_isr
                0x08000354                reserved1_isr
                0x08000354                dma1_channel1_isr
                0x08000354                tim6_dac_isr
                0x08000354                lcd_isr
                0x08000354                dma1_channel2_3_isr
                0x08000354                tim22_isr
                0x08000354                exti4_15_isr
                0x08000354                wwdg_isr
                0x08000354                tim2_isr
                0x08000354                dma1_channel4_5_isr
                0x08000354                exti0_1_isr
 .text.null_handler
                0x08000356        0x2 ../../../../../../libopencm3//lib/libopencm3_stm32l0.a(vector.o)
                0x08000356                null_handler
                0x08000356                sv_call_handler
                0x08000356                pend_sv_handler
                0x08000356                sys_tick_handler
                0x08000356                nmi_handler
 .text.reset_handler
                0x08000358       0x8c ../../../../../../libopencm3//lib/libopencm3_stm32l0.a(vector.o)
                0x08000358                reset_handler
 .text          0x080003e4       0x14 /home/maestrom/dev/crosscompile/toolchain-armcortex/gcc-arm-none-eabi-5_2-2015q4/bin/../lib/gcc/arm-none-eabi/5.2.1/armv6-m/libgcc.a(_thumb1_case_uqi.o)
                0x080003e4                __gnu_thumb1_case_uqi
                0x080003f8                . = ALIGN (0x4)
 *(.rodata*)
                0x080003f8                . = ALIGN (0x4)

.glue_7         0x080003f8        0x0
 .glue_7        0x080003f8        0x0 linker stubs

.glue_7t        0x080003f8        0x0
 .glue_7t       0x080003f8        0x0 linker stubs

.vfp11_veneer   0x080003f8        0x0
 .vfp11_veneer  0x080003f8        0x0 linker stubs

.v4_bx          0x080003f8        0x0
 .v4_bx         0x080003f8        0x0 linker stubs

.iplt           0x080003f8        0x0
 .iplt          0x080003f8        0x0 miniblink.o

.rel.dyn        0x080003f8        0x0
 .rel.iplt      0x080003f8        0x0 miniblink.o

.preinit_array  0x080003f8        0x0
                0x080003f8                . = ALIGN (0x4)
                0x080003f8                __preinit_array_start = .
 *(.preinit_array)
                0x080003f8                __preinit_array_end = .

.init_array     0x080003f8        0x0
                0x080003f8                . = ALIGN (0x4)
                0x080003f8                __init_array_start = .
 *(SORT(.init_array.*))
 *(.init_array)
                0x080003f8                __init_array_end = .

.fini_array     0x080003f8        0x0
                0x080003f8                . = ALIGN (0x4)
                0x080003f8                __fini_array_start = .
 *(.fini_array)
 *(SORT(.fini_array.*))
                0x080003f8                __fini_array_end = .

.ARM.extab
 *(.ARM.extab*)

.ARM.exidx      0x080003f8        0x0
                0x080003f8                __exidx_start = .
 *(.ARM.exidx*)
                0x080003f8                __exidx_end = .
                0x080003f8                . = ALIGN (0x4)
                0x080003f8                _etext = .

.data           0x20000000        0x0 load address 0x080003f8
                0x20000000                _data = .
 *(.data*)
                0x20000000                . = ALIGN (0x4)
                0x20000000                _edata = .
                0x080003f8                _data_loadaddr = LOADADDR (.data)

.igot.plt       0x20000000        0x0 load address 0x080003f8
 .igot.plt      0x20000000        0x0 miniblink.o

.bss            0x20000000        0x0 load address 0x080003f8
 *(.bss*)
 *(COMMON)
                0x20000000                . = ALIGN (0x4)
                0x20000000                _ebss = .

/DISCARD/
 *(.eh_frame)
                0x20000000                . = ALIGN (0x4)
                0x20000000                end = .
                0x20002000                PROVIDE (_stack, (ORIGIN (ram) + LENGTH (ram)))
OUTPUT(miniblink.elf elf32-littlearm)

.debug_info     0x00000000     0x13ec
 .debug_info    0x00000000      0x49a miniblink.o
 .debug_info    0x0000049a      0x3c1 ../../../../../../libopencm3//lib/libopencm3_stm32l0.a(rcc.o)
 .debug_info    0x0000085b      0x22c ../../../../../../libopencm3//lib/libopencm3_stm32l0.a(gpio_common_all.o)
 .debug_info    0x00000a87      0x1f5 ../../../../../../libopencm3//lib/libopencm3_stm32l0.a(gpio_common_f0234.o)
 .debug_info    0x00000c7c      0x4c9 ../../../../../../libopencm3//lib/libopencm3_stm32l0.a(rcc_common_all.o)
 .debug_info    0x00001145      0x2a7 ../../../../../../libopencm3//lib/libopencm3_stm32l0.a(vector.o)

.debug_abbrev   0x00000000      0x639
 .debug_abbrev  0x00000000      0x106 miniblink.o
 .debug_abbrev  0x00000106      0x123 ../../../../../../libopencm3//lib/libopencm3_stm32l0.a(rcc.o)
 .debug_abbrev  0x00000229      0x10e ../../../../../../libopencm3//lib/libopencm3_stm32l0.a(gpio_common_all.o)
 .debug_abbrev  0x00000337       0xb7 ../../../../../../libopencm3//lib/libopencm3_stm32l0.a(gpio_common_f0234.o)
 .debug_abbrev  0x000003ee      0x105 ../../../../../../libopencm3//lib/libopencm3_stm32l0.a(rcc_common_all.o)
 .debug_abbrev  0x000004f3      0x146 ../../../../../../libopencm3//lib/libopencm3_stm32l0.a(vector.o)

.debug_loc      0x00000000      0x676
 .debug_loc     0x00000000       0x4d miniblink.o
 .debug_loc     0x0000004d      0x25c ../../../../../../libopencm3//lib/libopencm3_stm32l0.a(rcc.o)
 .debug_loc     0x000002a9       0x97 ../../../../../../libopencm3//lib/libopencm3_stm32l0.a(gpio_common_all.o)
 .debug_loc     0x00000340      0x173 ../../../../../../libopencm3//lib/libopencm3_stm32l0.a(gpio_common_f0234.o)
 .debug_loc     0x000004b3       0xe7 ../../../../../../libopencm3//lib/libopencm3_stm32l0.a(rcc_common_all.o)
 .debug_loc     0x0000059a       0xdc ../../../../../../libopencm3//lib/libopencm3_stm32l0.a(vector.o)

.debug_aranges  0x00000000      0x1e0
 .debug_aranges
                0x00000000       0x28 miniblink.o
 .debug_aranges
                0x00000028       0xb0 ../../../../../../libopencm3//lib/libopencm3_stm32l0.a(rcc.o)
 .debug_aranges
                0x000000d8       0x50 ../../../../../../libopencm3//lib/libopencm3_stm32l0.a(gpio_common_all.o)
 .debug_aranges
                0x00000128       0x30 ../../../../../../libopencm3//lib/libopencm3_stm32l0.a(gpio_common_f0234.o)
 .debug_aranges
                0x00000158       0x58 ../../../../../../libopencm3//lib/libopencm3_stm32l0.a(rcc_common_all.o)
 .debug_aranges
                0x000001b0       0x30 ../../../../../../libopencm3//lib/libopencm3_stm32l0.a(vector.o)

.debug_ranges   0x00000000      0x180
 .debug_ranges  0x00000000       0x18 miniblink.o
 .debug_ranges  0x00000018       0xa0 ../../../../../../libopencm3//lib/libopencm3_stm32l0.a(rcc.o)
 .debug_ranges  0x000000b8       0x40 ../../../../../../libopencm3//lib/libopencm3_stm32l0.a(gpio_common_all.o)
 .debug_ranges  0x000000f8       0x20 ../../../../../../libopencm3//lib/libopencm3_stm32l0.a(gpio_common_f0234.o)
 .debug_ranges  0x00000118       0x48 ../../../../../../libopencm3//lib/libopencm3_stm32l0.a(rcc_common_all.o)
 .debug_ranges  0x00000160       0x20 ../../../../../../libopencm3//lib/libopencm3_stm32l0.a(vector.o)

.debug_line     0x00000000     0x15ec
 .debug_line    0x00000000      0x131 miniblink.o
 .debug_line    0x00000131      0x512 ../../../../../../libopencm3//lib/libopencm3_stm32l0.a(rcc.o)
 .debug_line    0x00000643      0x400 ../../../../../../libopencm3//lib/libopencm3_stm32l0.a(gpio_common_all.o)
 .debug_line    0x00000a43      0x3f6 ../../../../../../libopencm3//lib/libopencm3_stm32l0.a(gpio_common_f0234.o)
 .debug_line    0x00000e39      0x3e0 ../../../../../../libopencm3//lib/libopencm3_stm32l0.a(rcc_common_all.o)
 .debug_line    0x00001219      0x3d3 ../../../../../../libopencm3//lib/libopencm3_stm32l0.a(vector.o)

.debug_str      0x00000000     0x8f14
 .debug_str     0x00000000      0x4b5 miniblink.o
                                0x53e (size before relaxing)
 .debug_str     0x000004b5     0x5fdf ../../../../../../libopencm3//lib/libopencm3_stm32l0.a(rcc.o)
                               0x622b (size before relaxing)
 .debug_str     0x00006494     0x1508 ../../../../../../libopencm3//lib/libopencm3_stm32l0.a(gpio_common_all.o)
                               0x51df (size before relaxing)
 .debug_str     0x0000799c       0x94 ../../../../../../libopencm3//lib/libopencm3_stm32l0.a(gpio_common_f0234.o)
                               0x5201 (size before relaxing)
 .debug_str     0x00007a30      0x250 ../../../../../../libopencm3//lib/libopencm3_stm32l0.a(rcc_common_all.o)
                               0x6454 (size before relaxing)
 .debug_str     0x00007c80     0x1294 ../../../../../../libopencm3//lib/libopencm3_stm32l0.a(vector.o)
                               0x470f (size before relaxing)

.comment        0x00000000       0x6e
 .comment       0x00000000       0x6e miniblink.o
                                 0x6f (size before relaxing)
 .comment       0x0000006e       0x6f ../../../../../../libopencm3//lib/libopencm3_stm32l0.a(rcc.o)
 .comment       0x0000006e       0x6f ../../../../../../libopencm3//lib/libopencm3_stm32l0.a(gpio_common_all.o)
 .comment       0x0000006e       0x6f ../../../../../../libopencm3//lib/libopencm3_stm32l0.a(gpio_common_f0234.o)
 .comment       0x0000006e       0x6f ../../../../../../libopencm3//lib/libopencm3_stm32l0.a(rcc_common_all.o)
 .comment       0x0000006e       0x6f ../../../../../../libopencm3//lib/libopencm3_stm32l0.a(vector.o)

.ARM.attributes
                0x00000000       0x32
 .ARM.attributes
                0x00000000       0x32 miniblink.o
 .ARM.attributes
                0x00000032       0x32 ../../../../../../libopencm3//lib/libopencm3_stm32l0.a(rcc.o)
 .ARM.attributes
                0x00000064       0x32 ../../../../../../libopencm3//lib/libopencm3_stm32l0.a(gpio_common_all.o)
 .ARM.attributes
                0x00000096       0x32 ../../../../../../libopencm3//lib/libopencm3_stm32l0.a(gpio_common_f0234.o)
 .ARM.attributes
                0x000000c8       0x32 ../../../../../../libopencm3//lib/libopencm3_stm32l0.a(rcc_common_all.o)
 .ARM.attributes
                0x000000fa       0x32 ../../../../../../libopencm3//lib/libopencm3_stm32l0.a(vector.o)
 .ARM.attributes
                0x0000012c       0x1e /home/maestrom/dev/crosscompile/toolchain-armcortex/gcc-arm-none-eabi-5_2-2015q4/bin/../lib/gcc/arm-none-eabi/5.2.1/armv6-m/libgcc.a(_thumb1_case_uqi.o)

.debug_frame    0x00000000      0x3a0
 .debug_frame   0x00000000       0x38 miniblink.o
 .debug_frame   0x00000038      0x180 ../../../../../../libopencm3//lib/libopencm3_stm32l0.a(rcc.o)
 .debug_frame   0x000001b8       0x80 ../../../../../../libopencm3//lib/libopencm3_stm32l0.a(gpio_common_all.o)
 .debug_frame   0x00000238       0x78 ../../../../../../libopencm3//lib/libopencm3_stm32l0.a(gpio_common_f0234.o)
 .debug_frame   0x000002b0       0xb0 ../../../../../../libopencm3//lib/libopencm3_stm32l0.a(rcc_common_all.o)
 .debug_frame   0x00000360       0x40 ../../../../../../libopencm3//lib/libopencm3_stm32l0.a(vector.o)

.debug_macro    0x00000000     0x220c
 .debug_macro   0x00000000       0xb5 ../../../../../../libopencm3//lib/libopencm3_stm32l0.a(rcc.o)
 .debug_macro   0x000000b5      0x826 ../../../../../../libopencm3//lib/libopencm3_stm32l0.a(rcc.o)
 .debug_macro   0x000008db       0x22 ../../../../../../libopencm3//lib/libopencm3_stm32l0.a(rcc.o)
 .debug_macro   0x000008fd       0x44 ../../../../../../libopencm3//lib/libopencm3_stm32l0.a(rcc.o)
 .debug_macro   0x00000941       0xfd ../../../../../../libopencm3//lib/libopencm3_stm32l0.a(rcc.o)
 .debug_macro   0x00000a3e       0x22 ../../../../../../libopencm3//lib/libopencm3_stm32l0.a(rcc.o)
 .debug_macro   0x00000a60      0x1df ../../../../../../libopencm3//lib/libopencm3_stm32l0.a(rcc.o)
 .debug_macro   0x00000c3f       0x22 ../../../../../../libopencm3//lib/libopencm3_stm32l0.a(rcc.o)
 .debug_macro   0x00000c61       0xfa ../../../../../../libopencm3//lib/libopencm3_stm32l0.a(rcc.o)
 .debug_macro   0x00000d5b       0x16 ../../../../../../libopencm3//lib/libopencm3_stm32l0.a(rcc.o)
 .debug_macro   0x00000d71       0x34 ../../../../../../libopencm3//lib/libopencm3_stm32l0.a(rcc.o)
 .debug_macro   0x00000da5      0x13c ../../../../../../libopencm3//lib/libopencm3_stm32l0.a(rcc.o)
 .debug_macro   0x00000ee1      0x888 ../../../../../../libopencm3//lib/libopencm3_stm32l0.a(rcc.o)
 .debug_macro   0x00001769       0xc8 ../../../../../../libopencm3//lib/libopencm3_stm32l0.a(gpio_common_all.o)
 .debug_macro   0x00001831       0x76 ../../../../../../libopencm3//lib/libopencm3_stm32l0.a(gpio_common_all.o)
 .debug_macro   0x000018a7      0x2e6 ../../../../../../libopencm3//lib/libopencm3_stm32l0.a(gpio_common_all.o)
 .debug_macro   0x00001b8d      0x14e ../../../../../../libopencm3//lib/libopencm3_stm32l0.a(gpio_common_all.o)
 .debug_macro   0x00001cdb       0x3a ../../../../../../libopencm3//lib/libopencm3_stm32l0.a(gpio_common_all.o)
 .debug_macro   0x00001d15       0xc8 ../../../../../../libopencm3//lib/libopencm3_stm32l0.a(gpio_common_f0234.o)
 .debug_macro   0x00001ddd       0xc0 ../../../../../../libopencm3//lib/libopencm3_stm32l0.a(rcc_common_all.o)
 .debug_macro   0x00001e9d       0xc1 ../../../../../../libopencm3//lib/libopencm3_stm32l0.a(vector.o)
 .debug_macro   0x00001f5e      0x19e ../../../../../../libopencm3//lib/libopencm3_stm32l0.a(vector.o)
 .debug_macro   0x000020fc       0x46 ../../../../../../libopencm3//lib/libopencm3_stm32l0.a(vector.o)
 .debug_macro   0x00002142       0xca ../../../../../../libopencm3//lib/libopencm3_stm32l0.a(vector.o)
